Starting a Gradle Daemon, 8 incompatible and 1 stopped Daemons could not be reused, use --status for details
> Task :app:preBuild UP-TO-DATE
> Task :app:preDebugBuild UP-TO-DATE
> Task :app:mergeDebugNativeDebugMetadata NO-SOURCE
> Task :app:dataBindingMergeDependencyArtifactsDebug UP-TO-DATE
> Task :app:generateDebugResValues UP-TO-DATE
> Task :app:generateDebugResources UP-TO-DATE
> Task :app:processDebugGoogleServices UP-TO-DATE
> Task :app:packageDebugResources UP-TO-DATE
> Task :app:parseDebugLocalResources UP-TO-DATE
> Task :app:javaPreCompileDebug UP-TO-DATE
> Task :app:mapDebugSourceSetPaths
> Task :app:checkDebugAarMetadata
> Task :app:createDebugCompatibleScreenManifests UP-TO-DATE
> Task :app:extractDeepLinksDebug UP-TO-DATE
> Task :app:mergeDebugResources

> Task :app:processDebugMainManifest
D:\pushkar given project\working project\master2\app\src\main\AndroidManifest.xml:177:9-181:64 Warning:
	Element activity#com.example.master2.AddTaskActivity at AndroidManifest.xml:177:9-181:64 duplicated with element declared at AndroidManifest.xml:165:9-169:64

> Task :app:dataBindingGenBaseClassesDebug
> Task :app:processDebugManifest
> Task :app:mergeDebugShaders UP-TO-DATE
> Task :app:compileDebugShaders NO-SOURCE
> Task :app:generateDebugAssets UP-TO-DATE
> Task :app:mergeDebugAssets UP-TO-DATE
> Task :app:compressDebugAssets UP-TO-DATE
> Task :app:desugarDebugFileDependencies UP-TO-DATE
> Task :app:processDebugJavaRes NO-SOURCE
> Task :app:mergeDebugJniLibFolders UP-TO-DATE
> Task :app:mergeDebugNativeLibs UP-TO-DATE
> Task :app:stripDebugDebugSymbols UP-TO-DATE
> Task :app:validateSigningDebug UP-TO-DATE
> Task :app:writeDebugAppMetadata UP-TO-DATE
> Task :app:writeDebugSigningConfigVersions UP-TO-DATE
> Task :app:processDebugManifestForPackage
> Task :app:checkDebugDuplicateClasses
> Task :app:mergeDebugJavaResource
> Task :app:processDebugResources
> Task :app:mergeExtDexDebug

> Task :app:compileDebugJavaWithJavac
.\gradlew : Note: 
Some input files use 
or override a 
deprecated API.
At line:1 char:1
+ .\gradlew 
assembleDebug 2>&1 | 
Out-File -FilePath 
"build_output.txt"  
...
+ ~~~~~~~~~~~~~~~~~~~
~~~~~~~~~
    + CategoryInfo   
           : NotSpe  
  cified: (Note: S   
 ome inpu...depre    
cated API.:Strin    
g) [], RemoteExc    
eption
    + FullyQualified 
   ErrorId : Native  
  CommandError
 
Note: Recompile with 
-Xlint:deprecation 
for details.
Note: Some input 
files use unchecked 
or unsafe operations.
Note: Recompile with 
-Xlint:unchecked for 
details.

> Task :app:dexBuilderDebug
> Task :app:mergeDebugGlobalSynthetics UP-TO-DATE
> Task :app:mergeLibDexDebug UP-TO-DATE
> Task :app:mergeProjectDexDebug
> Task :app:packageDebug
> Task :app:createDebugApkListingFileRedirect
> Task :app:assembleDebug

[Incubating] Problems report is available at: file:///D:/pushkar%20given%20project/working%20project/master2/build/reports/problems/problems-report.html

Deprecated Gradle features were used in this build, making it incompatible with Gradle 10.0.

You can use '--warning-mode all' to show the individual deprecation warnings and determine if they come from your own scripts or plugins.

For more on this, please refer to https://docs.gradle.org/9.0-milestone-1/userguide/command_line_interface.html#sec:command_line_warnings in the Gradle documentation.

BUILD SUCCESSFUL in 1m 35s
37 actionable tasks: 16 executed, 21 up-to-date
